
Device   : mps
Epochs   : 10   Seg epochs: 10
Seed     : 1   (MPS: seeded, not bit-deterministic)
Git SHA  : cf3329e4  (DIRTY)
Output   : /Users/oba007/AL-ML/results/sweep/SwinIR_plus_PL_seed1

[BraTSDataset] Found 100 subjects under /Users/oba007/Downloads/BraTS2021_data
[BraTSDataset] Total slices in index: 5960
  SUBJECTS  train 80 | val 20 | overlap 0
  train 4758 slices | val 1202 slices
  Split is by SUBJECT — no patient appears in both sets.

=== SEGMENTOR (clean images) ===
  [seg] Ep  1/10  loss=0.2806
  [seg] Ep  5/10  loss=0.1000
  [seg] Ep 10/10  loss=0.0775
Segmentor frozen.

  training 1 of 9 models: ['SwinIR+PL']


================================================================
  SwinIR + PathologyLoss
================================================================
    Ep   1/10  loss=0.3611
    Ep   5/10  loss=0.2415
    Ep  10/10  loss=0.2258
    PSNR=30.83  SSIM=0.977  Dice_TC=0.574  Dice_ET=0.537
    201/1202 slices had no ET (excluded from Dice_ET)
    checkpoint -> /Users/oba007/AL-ML/results/sweep/SwinIR_plus_PL_seed1/checkpoints/SwinIRplusPL.pt    [75.1 min]

================================================================================
  RESULTS
================================================================================
Method                            PSNR    SSIM   Dice_WT   Dice_TC   Dice_ET  mask?
-----------------------------------------------------------------------------------
  SwinIR+PL                      30.83   0.977     0.809     0.574     0.537      -
===================================================================================

=== FIGURES ===
/Users/oba007/AL-ML/run_full_experiment.py:508: RuntimeWarning: All-NaN slice encountered
  spread = np.nanmax(stacked, 0) - np.nanmin(stacked, 0)

  figures use slice 4 (subject BraTS2021_00006) — chosen for max disagreement

  saved /Users/oba007/AL-ML/results/sweep/SwinIR_plus_PL_seed1/figures/fig01_data_sample.png
  saved /Users/oba007/AL-ML/results/sweep/SwinIR_plus_PL_seed1/figures/fig02_noise_added.png
  saved /Users/oba007/AL-ML/results/sweep/SwinIR_plus_PL_seed1/figures/fig03_denoised_all_models.png
  saved /Users/oba007/AL-ML/results/sweep/SwinIR_plus_PL_seed1/figures/fig04_error_maps_all_models.png
  saved /Users/oba007/AL-ML/results/sweep/SwinIR_plus_PL_seed1/figures/fig05_segmentation_all_models.png
  saved /Users/oba007/AL-ML/results/sweep/SwinIR_plus_PL_seed1/figures/fig09_tumour_regions.png
  saved /Users/oba007/AL-ML/results/sweep/SwinIR_plus_PL_seed1/figures/fig10_noise_progression.png
  saved /Users/oba007/AL-ML/results/sweep/SwinIR_plus_PL_seed1/figures/fig11_pathology_weight_map.png
  saved /Users/oba007/AL-ML/results/sweep/SwinIR_plus_PL_seed1/figures/fig12_loss_heatmap.png
  saved /Users/oba007/AL-ML/results/sweep/SwinIR_plus_PL_seed1/figures/fig13_pipeline.png
  saved /Users/oba007/AL-ML/results/sweep/SwinIR_plus_PL_seed1/figures/fig14_cross_modal.png
  saved /Users/oba007/AL-ML/results/sweep/SwinIR_plus_PL_seed1/figures/fig06_metrics_bars.png
  saved /Users/oba007/AL-ML/results/sweep/SwinIR_plus_PL_seed1/figures/fig07_psnr_paradox.png
  saved /Users/oba007/AL-ML/results/sweep/SwinIR_plus_PL_seed1/figures/fig15_results_table.png
  saved /Users/oba007/AL-ML/results/sweep/SwinIR_plus_PL_seed1/figures/fig08_loss_curves.png

=== SUBJECT-LEVEL SIGNIFICANCE ===
  no [PROPOSED] method found — skipping stats

All outputs in /Users/oba007/AL-ML/results/sweep/SwinIR_plus_PL_seed1
  checkpoints/   reload with load_checkpoint(path)
  predictions/   redraw figures with --figures_only
  figures/       9 figures, all five models

