
Device   : mps
Epochs   : 10   Seg epochs: 10
Seed     : 4   (MPS: seeded, not bit-deterministic)
Git SHA  : cf3329e4  (DIRTY)
Output   : /Users/oba007/AL-ML/results/sweep/SwinIR_plus_PL_seed4

[BraTSDataset] Found 100 subjects under /Users/oba007/Downloads/BraTS2021_data
[BraTSDataset] Total slices in index: 5960
  SUBJECTS  train 80 | val 20 | overlap 0
  train 4763 slices | val 1197 slices
  Split is by SUBJECT — no patient appears in both sets.

=== SEGMENTOR (clean images) ===
  [seg] Ep  1/10  loss=0.2504
  [seg] Ep  5/10  loss=0.0993
  [seg] Ep 10/10  loss=0.0749
Segmentor frozen.

  training 1 of 9 models: ['SwinIR+PL']


================================================================
  SwinIR + PathologyLoss
================================================================
    Ep   1/10  loss=0.3498
    Ep   5/10  loss=0.2377
    Ep  10/10  loss=0.2243
    PSNR=30.80  SSIM=0.979  Dice_TC=0.566  Dice_ET=0.550
    303/1197 slices had no ET (excluded from Dice_ET)
    checkpoint -> /Users/oba007/AL-ML/results/sweep/SwinIR_plus_PL_seed4/checkpoints/SwinIRplusPL.pt    [78.4 min]

================================================================================
  RESULTS
================================================================================
Method                            PSNR    SSIM   Dice_WT   Dice_TC   Dice_ET  mask?
-----------------------------------------------------------------------------------
  SwinIR+PL                      30.80   0.979     0.807     0.566     0.550      -
===================================================================================

=== FIGURES ===
/Users/oba007/AL-ML/run_full_experiment.py:508: RuntimeWarning: All-NaN slice encountered
  spread = np.nanmax(stacked, 0) - np.nanmin(stacked, 0)

  figures use slice 20 (subject BraTS2021_00002) — chosen for max disagreement

  saved /Users/oba007/AL-ML/results/sweep/SwinIR_plus_PL_seed4/figures/fig01_data_sample.png
  saved /Users/oba007/AL-ML/results/sweep/SwinIR_plus_PL_seed4/figures/fig02_noise_added.png
  saved /Users/oba007/AL-ML/results/sweep/SwinIR_plus_PL_seed4/figures/fig03_denoised_all_models.png
  saved /Users/oba007/AL-ML/results/sweep/SwinIR_plus_PL_seed4/figures/fig04_error_maps_all_models.png
  saved /Users/oba007/AL-ML/results/sweep/SwinIR_plus_PL_seed4/figures/fig05_segmentation_all_models.png
  saved /Users/oba007/AL-ML/results/sweep/SwinIR_plus_PL_seed4/figures/fig09_tumour_regions.png
  saved /Users/oba007/AL-ML/results/sweep/SwinIR_plus_PL_seed4/figures/fig10_noise_progression.png
  saved /Users/oba007/AL-ML/results/sweep/SwinIR_plus_PL_seed4/figures/fig11_pathology_weight_map.png
  saved /Users/oba007/AL-ML/results/sweep/SwinIR_plus_PL_seed4/figures/fig12_loss_heatmap.png
  saved /Users/oba007/AL-ML/results/sweep/SwinIR_plus_PL_seed4/figures/fig13_pipeline.png
  saved /Users/oba007/AL-ML/results/sweep/SwinIR_plus_PL_seed4/figures/fig14_cross_modal.png
  saved /Users/oba007/AL-ML/results/sweep/SwinIR_plus_PL_seed4/figures/fig06_metrics_bars.png
  saved /Users/oba007/AL-ML/results/sweep/SwinIR_plus_PL_seed4/figures/fig07_psnr_paradox.png
  saved /Users/oba007/AL-ML/results/sweep/SwinIR_plus_PL_seed4/figures/fig15_results_table.png
  saved /Users/oba007/AL-ML/results/sweep/SwinIR_plus_PL_seed4/figures/fig08_loss_curves.png

=== SUBJECT-LEVEL SIGNIFICANCE ===
  no [PROPOSED] method found — skipping stats

All outputs in /Users/oba007/AL-ML/results/sweep/SwinIR_plus_PL_seed4
  checkpoints/   reload with load_checkpoint(path)
  predictions/   redraw figures with --figures_only
  figures/       9 figures, all five models

